\BOOKMARK [0][-]{chapter*.1}{\376\377\000E\000i\000d\000e\000s\000s\000t\000a\000t\000t\000l\000i\000c\000h\000e\000\040\000E\000r\000k\000l\000\344\000r\000u\000n\000g}{}% 1
\BOOKMARK [0][-]{chapter*.2}{\376\377\000K\000u\000r\000z\000f\000a\000s\000s\000u\000n\000g}{}% 2
\BOOKMARK [0][-]{chapter*.3}{\376\377\000A\000b\000s\000t\000r\000a\000c\000t}{}% 3
\BOOKMARK [0][-]{chapter*.5}{\376\377\000A\000b\000b\000i\000l\000d\000u\000n\000g\000s\000v\000e\000r\000z\000e\000i\000c\000h\000n\000i\000s}{}% 4
\BOOKMARK [0][-]{chapter*.6}{\376\377\000T\000a\000b\000e\000l\000l\000e\000n\000v\000e\000r\000z\000e\000i\000c\000h\000n\000i\000s}{}% 5
\BOOKMARK [0][-]{chapter*.7}{\376\377\000Q\000u\000e\000l\000l\000c\000o\000d\000e\000v\000e\000r\000z\000e\000i\000c\000h\000n\000i\000s}{}% 6
\BOOKMARK [0][-]{chapter.1}{\376\377\000E\000i\000n\000l\000e\000i\000t\000u\000n\000g}{}% 7
\BOOKMARK [1][-]{section.1.1}{\376\377\000A\000u\000s\000g\000a\000n\000g\000s\000s\000i\000t\000u\000a\000t\000i\000o\000n\000\040\000u\000n\000d\000\040\000P\000r\000o\000b\000l\000e\000m\000s\000t\000e\000l\000l\000u\000n\000g}{chapter.1}% 8
\BOOKMARK [2][-]{subsection.1.1.1}{\376\377\000D\000e\000f\000i\000z\000i\000t\000e\000\040\000b\000e\000s\000t\000e\000h\000e\000n\000d\000e\000r\000\040\000L\000\366\000s\000u\000n\000g\000e\000n}{section.1.1}% 9
\BOOKMARK [1][-]{section.1.2}{\376\377\000Z\000i\000e\000l\000s\000e\000t\000z\000u\000n\000g\000\040\000d\000i\000e\000s\000e\000r\000\040\000A\000r\000b\000e\000i\000t}{chapter.1}% 10
\BOOKMARK [1][-]{section.1.3}{\376\377\000A\000b\000g\000r\000e\000n\000z\000u\000n\000g}{chapter.1}% 11
\BOOKMARK [1][-]{section.1.4}{\376\377\000A\000u\000f\000b\000a\000u\000\040\000d\000e\000r\000\040\000A\000r\000b\000e\000i\000t}{chapter.1}% 12
\BOOKMARK [0][-]{chapter.2}{\376\377\000A\000n\000f\000o\000r\000d\000e\000r\000u\000n\000g\000s\000a\000n\000a\000l\000y\000s\000e}{}% 13
\BOOKMARK [1][-]{section.2.1}{\376\377\000S\000t\000a\000k\000e\000h\000o\000l\000d\000e\000r\000\040\000u\000n\000d\000\040\000Z\000i\000e\000l\000g\000r\000u\000p\000p\000e}{chapter.2}% 14
\BOOKMARK [1][-]{section.2.2}{\376\377\000F\000u\000n\000k\000t\000i\000o\000n\000a\000l\000e\000\040\000A\000n\000f\000o\000r\000d\000e\000r\000u\000n\000g\000e\000n}{chapter.2}% 15
\BOOKMARK [2][-]{subsection.2.2.1}{\376\377\000B\000a\000c\000k\000e\000n\000d\000-\000A\000P\000I}{section.2.2}% 16
\BOOKMARK [2][-]{subsection.2.2.2}{\376\377\000i\000O\000S\000-\000A\000p\000p\000l\000i\000k\000a\000t\000i\000o\000n}{section.2.2}% 17
\BOOKMARK [1][-]{section.2.3}{\376\377\000N\000i\000c\000h\000t\000-\000f\000u\000n\000k\000t\000i\000o\000n\000a\000l\000e\000\040\000A\000n\000f\000o\000r\000d\000e\000r\000u\000n\000g\000e\000n}{chapter.2}% 18
\BOOKMARK [1][-]{section.2.4}{\376\377\000U\000s\000e\000-\000C\000a\000s\000e\000-\000S\000z\000e\000n\000a\000r\000i\000e\000n}{chapter.2}% 19
\BOOKMARK [0][-]{chapter.3}{\376\377\000S\000y\000s\000t\000e\000m\000a\000r\000c\000h\000i\000t\000e\000k\000t\000u\000r}{}% 20
\BOOKMARK [1][-]{section.3.1}{\376\377\000G\000e\000s\000a\000m\000t\000a\000r\000c\000h\000i\000t\000e\000k\000t\000u\000r}{chapter.3}% 21
\BOOKMARK [1][-]{section.3.2}{\376\377\000S\000c\000h\000i\000c\000h\000t\000e\000n\000\040\000d\000e\000s\000\040\000B\000a\000c\000k\000e\000n\000d\000s}{chapter.3}% 22
\BOOKMARK [1][-]{section.3.3}{\376\377\000D\000a\000t\000e\000n\000b\000a\000n\000k\000d\000e\000s\000i\000g\000n}{chapter.3}% 23
\BOOKMARK [2][-]{subsection.3.3.1}{\376\377\000B\000e\000z\000i\000e\000h\000u\000n\000g\000e\000n\000\040\000u\000n\000d\000\040\000L\000\366\000s\000c\000h\000v\000e\000r\000h\000a\000l\000t\000e\000n}{section.3.3}% 24
\BOOKMARK [1][-]{section.3.4}{\376\377\000R\000E\000S\000T\000-\000A\000P\000I\000-\000\334\000b\000e\000r\000b\000l\000i\000c\000k}{chapter.3}% 25
\BOOKMARK [1][-]{section.3.5}{\376\377\000K\000o\000m\000m\000u\000n\000i\000k\000a\000t\000i\000o\000n\000s\000f\000l\000u\000s\000s}{chapter.3}% 26
\BOOKMARK [1][-]{section.3.6}{\376\377\000D\000e\000p\000l\000o\000y\000m\000e\000n\000t\000-\000A\000r\000c\000h\000i\000t\000e\000k\000t\000u\000r}{chapter.3}% 27
\BOOKMARK [0][-]{chapter.4}{\376\377\000T\000e\000c\000h\000n\000o\000l\000o\000g\000i\000e\000a\000u\000s\000w\000a\000h\000l}{}% 28
\BOOKMARK [1][-]{section.4.1}{\376\377\000B\000a\000c\000k\000e\000n\000d\000-\000F\000r\000a\000m\000e\000w\000o\000r\000k\000:\000\040\000A\000S\000P\000.\000N\000E\000T\000\040\000C\000o\000r\000e\000\040\0008}{chapter.4}% 29
\BOOKMARK [2][-]{subsection.4.1.1}{\376\377\000B\000e\000w\000e\000r\000t\000e\000t\000e\000\040\000A\000l\000t\000e\000r\000n\000a\000t\000i\000v\000e\000n}{section.4.1}% 30
\BOOKMARK [2][-]{subsection.4.1.2}{\376\377\000E\000n\000t\000s\000c\000h\000e\000i\000d\000u\000n\000g}{section.4.1}% 31
\BOOKMARK [1][-]{section.4.2}{\376\377\000O\000R\000M\000:\000\040\000E\000n\000t\000i\000t\000y\000\040\000F\000r\000a\000m\000e\000w\000o\000r\000k\000\040\000C\000o\000r\000e\000\040\0009}{chapter.4}% 32
\BOOKMARK [2][-]{subsection.4.2.1}{\376\377\000B\000e\000w\000e\000r\000t\000e\000t\000e\000\040\000A\000l\000t\000e\000r\000n\000a\000t\000i\000v\000e\000n}{section.4.2}% 33
\BOOKMARK [2][-]{subsection.4.2.2}{\376\377\000E\000n\000t\000s\000c\000h\000e\000i\000d\000u\000n\000g}{section.4.2}% 34
\BOOKMARK [1][-]{section.4.3}{\376\377\000D\000a\000t\000e\000n\000b\000a\000n\000k\000:\000\040\000P\000o\000s\000t\000g\000r\000e\000S\000Q\000L}{chapter.4}% 35
\BOOKMARK [2][-]{subsection.4.3.1}{\376\377\000B\000e\000w\000e\000r\000t\000e\000t\000e\000\040\000A\000l\000t\000e\000r\000n\000a\000t\000i\000v\000e\000n}{section.4.3}% 36
\BOOKMARK [2][-]{subsection.4.3.2}{\376\377\000E\000n\000t\000s\000c\000h\000e\000i\000d\000u\000n\000g}{section.4.3}% 37
\BOOKMARK [1][-]{section.4.4}{\376\377\000i\000O\000S\000:\000\040\000S\000w\000i\000f\000t\000\040\000u\000n\000d\000\040\000S\000w\000i\000f\000t\000U\000I}{chapter.4}% 38
\BOOKMARK [2][-]{subsection.4.4.1}{\376\377\000B\000e\000w\000e\000r\000t\000e\000t\000e\000\040\000A\000l\000t\000e\000r\000n\000a\000t\000i\000v\000e\000n}{section.4.4}% 39
\BOOKMARK [2][-]{subsection.4.4.2}{\376\377\000E\000n\000t\000s\000c\000h\000e\000i\000d\000u\000n\000g}{section.4.4}% 40
\BOOKMARK [0][-]{chapter.5}{\376\377\000B\000a\000c\000k\000e\000n\000d\000-\000I\000m\000p\000l\000e\000m\000e\000n\000t\000i\000e\000r\000u\000n\000g}{}% 41
\BOOKMARK [1][-]{section.5.1}{\376\377\000P\000r\000o\000j\000e\000k\000t\000s\000t\000r\000u\000k\000t\000u\000r}{chapter.5}% 42
\BOOKMARK [1][-]{section.5.2}{\376\377\000D\000a\000t\000e\000n\000b\000a\000n\000k\000m\000o\000d\000e\000l\000l\000e}{chapter.5}% 43
\BOOKMARK [2][-]{subsection.5.2.1}{\376\377\000O\000w\000n\000e\000r}{section.5.2}% 44
\BOOKMARK [2][-]{subsection.5.2.2}{\376\377\000D\000o\000g}{section.5.2}% 45
\BOOKMARK [2][-]{subsection.5.2.3}{\376\377\000B\000r\000e\000e\000d\000\040\000u\000n\000d\000\040\000L\000e\000g\000a\000l\000R\000e\000s\000t\000r\000i\000c\000t\000i\000o\000n\000s}{section.5.2}% 46
\BOOKMARK [1][-]{section.5.3}{\376\377\000D\000o\000g\000g\000o\000C\000o\000n\000t\000e\000x\000t\000\040\000u\000n\000d\000\040\000B\000e\000z\000i\000e\000h\000u\000n\000g\000s\000k\000o\000n\000f\000i\000g\000u\000r\000a\000t\000i\000o\000n}{chapter.5}% 47
\BOOKMARK [1][-]{section.5.4}{\376\377\000E\000F\000\040\000C\000o\000r\000e\000\040\000M\000i\000g\000r\000a\000t\000i\000o\000n\000s}{chapter.5}% 48
\BOOKMARK [1][-]{section.5.5}{\376\377\000B\000r\000e\000e\000d\000-\000S\000e\000e\000d\000i\000n\000g}{chapter.5}% 49
\BOOKMARK [1][-]{section.5.6}{\376\377\000A\000u\000t\000h\000e\000n\000t\000i\000f\000i\000z\000i\000e\000r\000u\000n\000g\000\040\000m\000i\000t\000\040\000J\000W\000T}{chapter.5}% 50
\BOOKMARK [2][-]{subsection.5.6.1}{\376\377\000P\000a\000s\000s\000w\000o\000r\000t\000-\000H\000a\000s\000h\000i\000n\000g}{section.5.6}% 51
\BOOKMARK [2][-]{subsection.5.6.2}{\376\377\000J\000W\000T\000-\000A\000u\000s\000s\000t\000e\000l\000l\000u\000n\000g}{section.5.6}% 52
\BOOKMARK [1][-]{section.5.7}{\376\377\000P\000r\000o\000g\000r\000a\000m\000.\000c\000s\000\040\040\023\000\040\000A\000n\000w\000e\000n\000d\000u\000n\000g\000s\000k\000o\000n\000f\000i\000g\000u\000r\000a\000t\000i\000o\000n}{chapter.5}% 53
\BOOKMARK [1][-]{section.5.8}{\376\377\000D\000o\000c\000k\000e\000r\000-\000D\000e\000p\000l\000o\000y\000m\000e\000n\000t}{chapter.5}% 54
\BOOKMARK [2][-]{subsection.5.8.1}{\376\377\000D\000o\000c\000k\000e\000r\000f\000i\000l\000e\000\040\000\050\000M\000u\000l\000t\000i\000-\000S\000t\000a\000g\000e\000-\000B\000u\000i\000l\000d\000\051}{section.5.8}% 55
\BOOKMARK [2][-]{subsection.5.8.2}{\376\377\000D\000o\000c\000k\000e\000r\000\040\000C\000o\000m\000p\000o\000s\000e}{section.5.8}% 56
\BOOKMARK [1][-]{section.5.9}{\376\377\000A\000P\000I\000-\000D\000o\000k\000u\000m\000e\000n\000t\000a\000t\000i\000o\000n\000\040\000m\000i\000t\000\040\000S\000w\000a\000g\000g\000e\000r}{chapter.5}% 57
\BOOKMARK [0][-]{chapter.6}{\376\377\000i\000O\000S\000-\000A\000p\000p\000l\000i\000k\000a\000t\000i\000o\000n}{}% 58
\BOOKMARK [1][-]{section.6.1}{\376\377\000A\000r\000c\000h\000i\000t\000e\000k\000t\000u\000r\000\040\000d\000e\000r\000\040\000i\000O\000S\000-\000A\000p\000p}{chapter.6}% 59
\BOOKMARK [1][-]{section.6.2}{\376\377\000P\000r\000o\000j\000e\000k\000t\000s\000t\000r\000u\000k\000t\000u\000r}{chapter.6}% 60
\BOOKMARK [1][-]{section.6.3}{\376\377\000M\000a\000p\000K\000i\000t\000-\000I\000n\000t\000e\000g\000r\000a\000t\000i\000o\000n}{chapter.6}% 61
\BOOKMARK [1][-]{section.6.4}{\376\377\000S\000t\000a\000n\000d\000o\000r\000t\000d\000i\000e\000n\000s\000t\000e\000\040\000u\000n\000d\000\040\000B\000e\000r\000e\000c\000h\000t\000i\000g\000u\000n\000g\000e\000n}{chapter.6}% 62
\BOOKMARK [1][-]{section.6.5}{\376\377\000A\000u\000t\000h\000e\000n\000t\000i\000f\000i\000z\000i\000e\000r\000u\000n\000g\000\040\000i\000n\000\040\000d\000e\000r\000\040\000i\000O\000S\000-\000A\000p\000p}{chapter.6}% 63
\BOOKMARK [2][-]{subsection.6.5.1}{\376\377\000L\000o\000g\000i\000n\000\040\000u\000n\000d\000\040\000R\000e\000g\000i\000s\000t\000r\000i\000e\000r\000u\000n\000g}{section.6.5}% 64
\BOOKMARK [2][-]{subsection.6.5.2}{\376\377\000T\000o\000k\000e\000n\000-\000P\000e\000r\000s\000i\000s\000t\000e\000n\000z\000\040\000i\000m\000\040\000K\000e\000y\000c\000h\000a\000i\000n}{section.6.5}% 65
\BOOKMARK [1][-]{section.6.6}{\376\377\000H\000u\000n\000d\000e\000p\000r\000o\000f\000i\000l\000v\000e\000r\000w\000a\000l\000t\000u\000n\000g}{chapter.6}% 66
\BOOKMARK [1][-]{section.6.7}{\376\377\000A\000n\000z\000e\000i\000g\000e\000\040\000g\000e\000s\000e\000t\000z\000l\000i\000c\000h\000e\000r\000\040\000V\000o\000r\000s\000c\000h\000r\000i\000f\000t\000e\000n}{chapter.6}% 67
\BOOKMARK [1][-]{section.6.8}{\376\377\000H\000T\000T\000P\000-\000K\000o\000m\000m\000u\000n\000i\000k\000a\000t\000i\000o\000n\000\040\000m\000i\000t\000\040\000d\000e\000m\000\040\000B\000a\000c\000k\000e\000n\000d}{chapter.6}% 68
\BOOKMARK [0][-]{chapter.7}{\376\377\000T\000e\000s\000t\000i\000n\000g\000\040\000u\000n\000d\000\040\000D\000e\000p\000l\000o\000y\000m\000e\000n\000t}{}% 69
\BOOKMARK [1][-]{section.7.1}{\376\377\000T\000e\000s\000t\000s\000t\000r\000a\000t\000e\000g\000i\000e}{chapter.7}% 70
\BOOKMARK [1][-]{section.7.2}{\376\377\000B\000a\000c\000k\000e\000n\000d\000-\000T\000e\000s\000t\000s}{chapter.7}% 71
\BOOKMARK [2][-]{subsection.7.2.1}{\376\377\000M\000a\000n\000u\000e\000l\000l\000e\000\040\000T\000e\000s\000t\000s\000\040\000m\000i\000t\000\040\000S\000w\000a\000g\000g\000e\000r\000\040\000u\000n\000d\000\040\000P\000o\000s\000t\000m\000a\000n}{section.7.2}% 72
\BOOKMARK [2][-]{subsection.7.2.2}{\376\377\000U\000n\000i\000t\000-\000T\000e\000s\000t\000s\000\040\000m\000i\000t\000\040\000x\000U\000n\000i\000t}{section.7.2}% 73
\BOOKMARK [1][-]{section.7.3}{\376\377\000i\000O\000S\000-\000T\000e\000s\000t\000s}{chapter.7}% 74
\BOOKMARK [1][-]{section.7.4}{\376\377\000I\000n\000t\000e\000g\000r\000a\000t\000i\000o\000n\000s\000t\000e\000s\000t\000s}{chapter.7}% 75
\BOOKMARK [1][-]{section.7.5}{\376\377\000D\000e\000p\000l\000o\000y\000m\000e\000n\000t\000-\000V\000e\000r\000i\000f\000i\000k\000a\000t\000i\000o\000n}{chapter.7}% 76
\BOOKMARK [0][-]{chapter.8}{\376\377\000Z\000u\000s\000a\000m\000m\000e\000n\000f\000a\000s\000s\000u\000n\000g}{}% 77
\BOOKMARK [1][-]{section.8.1}{\376\377\000E\000r\000r\000e\000i\000c\000h\000t\000e\000\040\000Z\000i\000e\000l\000e}{chapter.8}% 78
\BOOKMARK [1][-]{section.8.2}{\376\377\000S\000u\000b\000o\000p\000t\000i\000m\000a\000l\000e\000\040\000E\000n\000t\000s\000c\000h\000e\000i\000d\000u\000n\000g\000e\000n}{chapter.8}% 79
\BOOKMARK [1][-]{section.8.3}{\376\377\000E\000i\000n\000s\000c\000h\000r\000\344\000n\000k\000u\000n\000g\000e\000n\000\040\000d\000e\000r\000\040\000L\000\366\000s\000u\000n\000g}{chapter.8}% 80
\BOOKMARK [1][-]{section.8.4}{\376\377\000E\000r\000w\000e\000i\000t\000e\000r\000u\000n\000g\000s\000m\000\366\000g\000l\000i\000c\000h\000k\000e\000i\000t\000e\000n}{chapter.8}% 81
\BOOKMARK [0][-]{appendix.A}{\376\377\000A\000P\000I\000-\000E\000n\000d\000p\000u\000n\000k\000t\000e\000\040\000i\000m\000\040\000D\000e\000t\000a\000i\000l}{}% 82
\BOOKMARK [0][-]{appendix.B}{\376\377\000D\000o\000k\000u\000m\000e\000n\000t\000a\000t\000i\000o\000n\000\040\000d\000e\000r\000\040\000K\000I\000-\000N\000u\000t\000z\000u\000n\000g}{}% 83
